==23597== Memcheck, a memory error detector
==23597== Copyright (C) 2002-2017, and GNU GPL'd, by Julian Seward et al.
==23597== Using Valgrind-3.18.1 and LibVEX; rerun with -h for copyright info
==23597== Command: ./pracs_exe
==23597== Parent PID: 3847
==23597== 
==23597== Invalid read of size 4
==23597==    at 0x10B3AD: Malla3D::draw() (malla.cc:20)
==23597==    by 0x10AF34: Escena::dibujar() (escena.cc:69)
==23597==    by 0x10B702: draw_scene() (practicas.cc:28)
==23597==    by 0x494D72A: ??? (in /usr/lib/x86_64-linux-gnu/libglut.so.3.9.0)
==23597==    by 0x49510C0: fgEnumWindows (in /usr/lib/x86_64-linux-gnu/libglut.so.3.9.0)
==23597==    by 0x494DCBA: glutMainLoopEvent (in /usr/lib/x86_64-linux-gnu/libglut.so.3.9.0)
==23597==    by 0x494E578: glutMainLoop (in /usr/lib/x86_64-linux-gnu/libglut.so.3.9.0)
==23597==    by 0x10B955: main (practicas.cc:158)
==23597==  Address 0x4c is not stack'd, malloc'd or (recently) free'd
==23597== 
==23597== 
==23597== Process terminating with default action of signal 11 (SIGSEGV)
==23597==  Access not within mapped region at address 0x4C
==23597==    at 0x10B3AD: Malla3D::draw() (malla.cc:20)
==23597==    by 0x10AF34: Escena::dibujar() (escena.cc:69)
==23597==    by 0x10B702: draw_scene() (practicas.cc:28)
==23597==    by 0x494D72A: ??? (in /usr/lib/x86_64-linux-gnu/libglut.so.3.9.0)
==23597==    by 0x49510C0: fgEnumWindows (in /usr/lib/x86_64-linux-gnu/libglut.so.3.9.0)
==23597==    by 0x494DCBA: glutMainLoopEvent (in /usr/lib/x86_64-linux-gnu/libglut.so.3.9.0)
==23597==    by 0x494E578: glutMainLoop (in /usr/lib/x86_64-linux-gnu/libglut.so.3.9.0)
==23597==    by 0x10B955: main (practicas.cc:158)
==23597==  If you believe this happened as a result of a stack
==23597==  overflow in your program's main thread (unlikely but
==23597==  possible), you can try to increase the size of the
==23597==  main thread stack using the --main-stacksize= flag.
==23597==  The main thread stack size used in this run was 8388608.
==23597== 
==23597== HEAP SUMMARY:
==23597==     in use at exit: 4,794,819 bytes in 5,012 blocks
==23597==   total heap usage: 7,479 allocs, 2,467 frees, 336,212,226 bytes allocated
==23597== 
==23597== 0 bytes in 2 blocks are definitely lost in loss record 1 of 3,272
==23597==    at 0x4848899: malloc (in /usr/libexec/valgrind/vgpreload_memcheck-amd64-linux.so)
==23597==    by 0x4005A22: malloc (rtld-malloc.h:56)
==23597==    by 0x4005A22: _dl_find_object_update (dl-find_object.c:791)
==23597==    by 0x400ECCF: dl_open_worker_begin (dl-open.c:735)
==23597==    by 0x4DBFC27: _dl_catch_exception (dl-error-skeleton.c:208)
==23597==    by 0x400DF99: dl_open_worker (dl-open.c:782)
==23597==    by 0x4DBFC27: _dl_catch_exception (dl-error-skeleton.c:208)
==23597==    by 0x400E34D: _dl_open (dl-open.c:883)
==23597==    by 0x4CDB6BB: dlopen_doit (dlopen.c:56)
==23597==    by 0x4DBFC27: _dl_catch_exception (dl-error-skeleton.c:208)
==23597==    by 0x4DBFCF2: _dl_catch_error (dl-error-skeleton.c:227)
==23597==    by 0x4CDB1AD: _dlerror_run (dlerror.c:138)
==23597==    by 0x4CDB747: dlopen_implementation (dlopen.c:71)
==23597==    by 0x4CDB747: dlopen@@GLIBC_2.34 (dlopen.c:81)
==23597== 
==23597== 80 bytes in 1 blocks are possibly lost in loss record 799 of 3,272
==23597==    at 0x4848899: malloc (in /usr/libexec/valgrind/vgpreload_memcheck-amd64-linux.so)
==23597==    by 0x50F7F16: ??? (in /usr/lib/x86_64-linux-gnu/libGLdispatch.so.0.0.0)
==23597==    by 0x50F85DE: __glDispatchInit (in /usr/lib/x86_64-linux-gnu/libGLdispatch.so.0.0.0)
==23597==    by 0x517274E: ??? (in /usr/lib/x86_64-linux-gnu/libGLX.so.0.0.0)
==23597==    by 0x400647D: call_init.part.0 (dl-init.c:70)
==23597==    by 0x4006567: call_init (dl-init.c:33)
==23597==    by 0x4006567: _dl_init (dl-init.c:117)
==23597==    by 0x40202E9: ??? (in /usr/lib/x86_64-linux-gnu/ld-linux-x86-64.so.2)
==23597== 
==23597== 80 bytes in 1 blocks are possibly lost in loss record 800 of 3,272
==23597==    at 0x4848899: malloc (in /usr/libexec/valgrind/vgpreload_memcheck-amd64-linux.so)
==23597==    by 0x50F7F16: ??? (in /usr/lib/x86_64-linux-gnu/libGLdispatch.so.0.0.0)
==23597==    by 0x50F87FF: __glDispatchRegisterStubCallbacks (in /usr/lib/x86_64-linux-gnu/libGLdispatch.so.0.0.0)
==23597==    by 0x49BB218: ??? (in /usr/lib/x86_64-linux-gnu/libGL.so.1.7.0)
==23597==    by 0x400647D: call_init.part.0 (dl-init.c:70)
==23597==    by 0x4006567: call_init (dl-init.c:33)
==23597==    by 0x4006567: _dl_init (dl-init.c:117)
==23597==    by 0x40202E9: ??? (in /usr/lib/x86_64-linux-gnu/ld-linux-x86-64.so.2)
==23597== 
==23597== 128 bytes in 1 blocks are definitely lost in loss record 2,829 of 3,272
==23597==    at 0x484DA83: calloc (in /usr/libexec/valgrind/vgpreload_memcheck-amd64-linux.so)
==23597==    by 0x72BA3BF: ??? (in /usr/lib/x86_64-linux-gnu/libnvidia-glcore.so.515.65.01)
==23597==    by 0x72AF609: ??? (in /usr/lib/x86_64-linux-gnu/libnvidia-glcore.so.515.65.01)
==23597==    by 0x72AE08E: ??? (in /usr/lib/x86_64-linux-gnu/libnvidia-glcore.so.515.65.01)
==23597==    by 0x72BF188: ??? (in /usr/lib/x86_64-linux-gnu/libnvidia-glcore.so.515.65.01)
==23597==    by 0x584BB98: ??? (in /usr/lib/x86_64-linux-gnu/libGLX_nvidia.so.515.65.01)
==23597==    by 0x58B18F5: ??? (in /usr/lib/x86_64-linux-gnu/libGLX_nvidia.so.515.65.01)
==23597==    by 0x584B232: ??? (in /usr/lib/x86_64-linux-gnu/libGLX_nvidia.so.515.65.01)
==23597==    by 0x52423BF: ???
==23597==    by 0x4006439: call_init.part.0 (dl-init.c:56)
==23597==    by 0x4006567: call_init (dl-init.c:33)
==23597==    by 0x4006567: _dl_init (dl-init.c:117)
==23597==    by 0x4DBFC84: _dl_catch_exception (dl-error-skeleton.c:182)
==23597== 
==23597== 167 bytes in 1 blocks are possibly lost in loss record 2,838 of 3,272
==23597==    at 0x484DA83: calloc (in /usr/libexec/valgrind/vgpreload_memcheck-amd64-linux.so)
==23597==    by 0x72BA3BF: ??? (in /usr/lib/x86_64-linux-gnu/libnvidia-glcore.so.515.65.01)
==23597==    by 0x72CDF7A: ??? (in /usr/lib/x86_64-linux-gnu/libnvidia-glcore.so.515.65.01)
==23597==    by 0x70BB428: ??? (in /usr/lib/x86_64-linux-gnu/libnvidia-glcore.so.515.65.01)
==23597==    by 0x70BB8B5: ??? (in /usr/lib/x86_64-linux-gnu/libnvidia-glcore.so.515.65.01)
==23597==    by 0x6F89493: ??? (in /usr/lib/x86_64-linux-gnu/libnvidia-glcore.so.515.65.01)
==23597==    by 0x72DF002: ??? (in /usr/lib/x86_64-linux-gnu/libnvidia-glcore.so.515.65.01)
==23597==    by 0x72E2E65: ??? (in /usr/lib/x86_64-linux-gnu/libnvidia-glcore.so.515.65.01)
==23597==    by 0x72A1E14: ??? (in /usr/lib/x86_64-linux-gnu/libnvidia-glcore.so.515.65.01)
==23597==    by 0x584E262: ??? (in /usr/lib/x86_64-linux-gnu/libGLX_nvidia.so.515.65.01)
==23597==    by 0x58894DE: ??? (in /usr/lib/x86_64-linux-gnu/libGLX_nvidia.so.515.65.01)
==23597==    by 0x5183491: ??? (in /usr/lib/x86_64-linux-gnu/libGLX.so.0.0.0)
==23597== 
==23597== 311 bytes in 1 blocks are possibly lost in loss record 2,921 of 3,272
==23597==    at 0x484DA83: calloc (in /usr/libexec/valgrind/vgpreload_memcheck-amd64-linux.so)
==23597==    by 0x72BA3BF: ??? (in /usr/lib/x86_64-linux-gnu/libnvidia-glcore.so.515.65.01)
==23597==    by 0x72CDF7A: ??? (in /usr/lib/x86_64-linux-gnu/libnvidia-glcore.so.515.65.01)
==23597==    by 0x70BB56B: ??? (in /usr/lib/x86_64-linux-gnu/libnvidia-glcore.so.515.65.01)
==23597==    by 0x70BB8B5: ??? (in /usr/lib/x86_64-linux-gnu/libnvidia-glcore.so.515.65.01)
==23597==    by 0x6F89493: ??? (in /usr/lib/x86_64-linux-gnu/libnvidia-glcore.so.515.65.01)
==23597==    by 0x72DF002: ??? (in /usr/lib/x86_64-linux-gnu/libnvidia-glcore.so.515.65.01)
==23597==    by 0x72E2E65: ??? (in /usr/lib/x86_64-linux-gnu/libnvidia-glcore.so.515.65.01)
==23597==    by 0x72A1E14: ??? (in /usr/lib/x86_64-linux-gnu/libnvidia-glcore.so.515.65.01)
==23597==    by 0x584E262: ??? (in /usr/lib/x86_64-linux-gnu/libGLX_nvidia.so.515.65.01)
==23597==    by 0x58894DE: ??? (in /usr/lib/x86_64-linux-gnu/libGLX_nvidia.so.515.65.01)
==23597==    by 0x5183491: ??? (in /usr/lib/x86_64-linux-gnu/libGLX.so.0.0.0)
==23597== 
==23597== 595 (128 direct, 467 indirect) bytes in 1 blocks are definitely lost in loss record 3,011 of 3,272
==23597==    at 0x484DA83: calloc (in /usr/libexec/valgrind/vgpreload_memcheck-amd64-linux.so)
==23597==    by 0x72BA3BF: ??? (in /usr/lib/x86_64-linux-gnu/libnvidia-glcore.so.515.65.01)
==23597==    by 0x72AF609: ??? (in /usr/lib/x86_64-linux-gnu/libnvidia-glcore.so.515.65.01)
==23597==    by 0x72AC5B8: ??? (in /usr/lib/x86_64-linux-gnu/libnvidia-glcore.so.515.65.01)
==23597==    by 0x72ADC3C: ??? (in /usr/lib/x86_64-linux-gnu/libnvidia-glcore.so.515.65.01)
==23597==    by 0x72BF152: ??? (in /usr/lib/x86_64-linux-gnu/libnvidia-glcore.so.515.65.01)
==23597==    by 0x584BB98: ??? (in /usr/lib/x86_64-linux-gnu/libGLX_nvidia.so.515.65.01)
==23597==    by 0x58B18F5: ??? (in /usr/lib/x86_64-linux-gnu/libGLX_nvidia.so.515.65.01)
==23597==    by 0x584B232: ??? (in /usr/lib/x86_64-linux-gnu/libGLX_nvidia.so.515.65.01)
==23597==    by 0x52423BF: ???
==23597==    by 0x4006439: call_init.part.0 (dl-init.c:56)
==23597==    by 0x4006567: call_init (dl-init.c:33)
==23597==    by 0x4006567: _dl_init (dl-init.c:117)
==23597== 
==23597== 599 bytes in 1 blocks are possibly lost in loss record 3,012 of 3,272
==23597==    at 0x484DA83: calloc (in /usr/libexec/valgrind/vgpreload_memcheck-amd64-linux.so)
==23597==    by 0x72BA3BF: ??? (in /usr/lib/x86_64-linux-gnu/libnvidia-glcore.so.515.65.01)
==23597==    by 0x72CDF7A: ??? (in /usr/lib/x86_64-linux-gnu/libnvidia-glcore.so.515.65.01)
==23597==    by 0x70BB407: ??? (in /usr/lib/x86_64-linux-gnu/libnvidia-glcore.so.515.65.01)
==23597==    by 0x70BB8B5: ??? (in /usr/lib/x86_64-linux-gnu/libnvidia-glcore.so.515.65.01)
==23597==    by 0x6F89493: ??? (in /usr/lib/x86_64-linux-gnu/libnvidia-glcore.so.515.65.01)
==23597==    by 0x72DF002: ??? (in /usr/lib/x86_64-linux-gnu/libnvidia-glcore.so.515.65.01)
==23597==    by 0x72E2E65: ??? (in /usr/lib/x86_64-linux-gnu/libnvidia-glcore.so.515.65.01)
==23597==    by 0x72A1E14: ??? (in /usr/lib/x86_64-linux-gnu/libnvidia-glcore.so.515.65.01)
==23597==    by 0x584E262: ??? (in /usr/lib/x86_64-linux-gnu/libGLX_nvidia.so.515.65.01)
==23597==    by 0x58894DE: ??? (in /usr/lib/x86_64-linux-gnu/libGLX_nvidia.so.515.65.01)
==23597==    by 0x5183491: ??? (in /usr/lib/x86_64-linux-gnu/libGLX.so.0.0.0)
==23597== 
==23597== 1,127 bytes in 1 blocks are possibly lost in loss record 3,171 of 3,272
==23597==    at 0x4848899: malloc (in /usr/libexec/valgrind/vgpreload_memcheck-amd64-linux.so)
==23597==    by 0x72B9F2C: ??? (in /usr/lib/x86_64-linux-gnu/libnvidia-glcore.so.515.65.01)
==23597==    by 0x72CDF20: ??? (in /usr/lib/x86_64-linux-gnu/libnvidia-glcore.so.515.65.01)
==23597==    by 0x7477728: ??? (in /usr/lib/x86_64-linux-gnu/libnvidia-glcore.so.515.65.01)
==23597==    by 0x7477776: ??? (in /usr/lib/x86_64-linux-gnu/libnvidia-glcore.so.515.65.01)
==23597==    by 0x6F8AB3E: ??? (in /usr/lib/x86_64-linux-gnu/libnvidia-glcore.so.515.65.01)
==23597==    by 0x72E2080: ??? (in /usr/lib/x86_64-linux-gnu/libnvidia-glcore.so.515.65.01)
==23597==    by 0x729FF93: ??? (in /usr/lib/x86_64-linux-gnu/libnvidia-glcore.so.515.65.01)
==23597==    by 0x584DFDA: ??? (in /usr/lib/x86_64-linux-gnu/libGLX_nvidia.so.515.65.01)
==23597==    by 0x5887A28: ??? (in /usr/lib/x86_64-linux-gnu/libGLX_nvidia.so.515.65.01)
==23597==    by 0x58774FF: glXCreateNewContext (in /usr/lib/x86_64-linux-gnu/libGLX_nvidia.so.515.65.01)
==23597==    by 0x5189B97: glXCreateNewContext (in /usr/lib/x86_64-linux-gnu/libGLX.so.0.0.0)
==23597== 
==23597== 1,336 bytes in 8 blocks are possibly lost in loss record 3,180 of 3,272
==23597==    at 0x484DA83: calloc (in /usr/libexec/valgrind/vgpreload_memcheck-amd64-linux.so)
==23597==    by 0x72BA3BF: ??? (in /usr/lib/x86_64-linux-gnu/libnvidia-glcore.so.515.65.01)
==23597==    by 0x72CDF7A: ??? (in /usr/lib/x86_64-linux-gnu/libnvidia-glcore.so.515.65.01)
==23597==    by 0x70BB5A3: ??? (in /usr/lib/x86_64-linux-gnu/libnvidia-glcore.so.515.65.01)
==23597==    by 0x70BB8B5: ??? (in /usr/lib/x86_64-linux-gnu/libnvidia-glcore.so.515.65.01)
==23597==    by 0x6F89493: ??? (in /usr/lib/x86_64-linux-gnu/libnvidia-glcore.so.515.65.01)
==23597==    by 0x72DF002: ??? (in /usr/lib/x86_64-linux-gnu/libnvidia-glcore.so.515.65.01)
==23597==    by 0x72E2E65: ??? (in /usr/lib/x86_64-linux-gnu/libnvidia-glcore.so.515.65.01)
==23597==    by 0x72A1E14: ??? (in /usr/lib/x86_64-linux-gnu/libnvidia-glcore.so.515.65.01)
==23597==    by 0x584E262: ??? (in /usr/lib/x86_64-linux-gnu/libGLX_nvidia.so.515.65.01)
==23597==    by 0x58894DE: ??? (in /usr/lib/x86_64-linux-gnu/libGLX_nvidia.so.515.65.01)
==23597==    by 0x5183491: ??? (in /usr/lib/x86_64-linux-gnu/libGLX.so.0.0.0)
==23597== 
==23597== 4,608 bytes in 2 blocks are possibly lost in loss record 3,214 of 3,272
==23597==    at 0x4848899: malloc (in /usr/libexec/valgrind/vgpreload_memcheck-amd64-linux.so)
==23597==    by 0x4005D97: malloc (rtld-malloc.h:56)
==23597==    by 0x4005D97: _dlfo_mappings_segment_allocate (dl-find_object.c:217)
==23597==    by 0x4005D97: _dl_find_object_update_1 (dl-find_object.c:671)
==23597==    by 0x4005D97: _dl_find_object_update (dl-find_object.c:804)
==23597==    by 0x400ECCF: dl_open_worker_begin (dl-open.c:735)
==23597==    by 0x4DBFC27: _dl_catch_exception (dl-error-skeleton.c:208)
==23597==    by 0x400DF99: dl_open_worker (dl-open.c:782)
==23597==    by 0x4DBFC27: _dl_catch_exception (dl-error-skeleton.c:208)
==23597==    by 0x400E34D: _dl_open (dl-open.c:883)
==23597==    by 0x4CDB6BB: dlopen_doit (dlopen.c:56)
==23597==    by 0x4DBFC27: _dl_catch_exception (dl-error-skeleton.c:208)
==23597==    by 0x4DBFCF2: _dl_catch_error (dl-error-skeleton.c:227)
==23597==    by 0x4CDB1AD: _dlerror_run (dlerror.c:138)
==23597==    by 0x4CDB747: dlopen_implementation (dlopen.c:71)
==23597==    by 0x4CDB747: dlopen@@GLIBC_2.34 (dlopen.c:81)
==23597== 
==23597== 4,631 bytes in 1 blocks are possibly lost in loss record 3,216 of 3,272
==23597==    at 0x484DA83: calloc (in /usr/libexec/valgrind/vgpreload_memcheck-amd64-linux.so)
==23597==    by 0x72BA3BF: ??? (in /usr/lib/x86_64-linux-gnu/libnvidia-glcore.so.515.65.01)
==23597==    by 0x72CDF7A: ??? (in /usr/lib/x86_64-linux-gnu/libnvidia-glcore.so.515.65.01)
==23597==    by 0x70BB3E7: ??? (in /usr/lib/x86_64-linux-gnu/libnvidia-glcore.so.515.65.01)
==23597==    by 0x70BB8B5: ??? (in /usr/lib/x86_64-linux-gnu/libnvidia-glcore.so.515.65.01)
==23597==    by 0x6F89493: ??? (in /usr/lib/x86_64-linux-gnu/libnvidia-glcore.so.515.65.01)
==23597==    by 0x72DF002: ??? (in /usr/lib/x86_64-linux-gnu/libnvidia-glcore.so.515.65.01)
==23597==    by 0x72E2E65: ??? (in /usr/lib/x86_64-linux-gnu/libnvidia-glcore.so.515.65.01)
==23597==    by 0x72A1E14: ??? (in /usr/lib/x86_64-linux-gnu/libnvidia-glcore.so.515.65.01)
==23597==    by 0x584E262: ??? (in /usr/lib/x86_64-linux-gnu/libGLX_nvidia.so.515.65.01)
==23597==    by 0x58894DE: ??? (in /usr/lib/x86_64-linux-gnu/libGLX_nvidia.so.515.65.01)
==23597==    by 0x5183491: ??? (in /usr/lib/x86_64-linux-gnu/libGLX.so.0.0.0)
==23597== 
==23597== 4,631 bytes in 1 blocks are possibly lost in loss record 3,217 of 3,272
==23597==    at 0x484DA83: calloc (in /usr/libexec/valgrind/vgpreload_memcheck-amd64-linux.so)
==23597==    by 0x72BA3BF: ??? (in /usr/lib/x86_64-linux-gnu/libnvidia-glcore.so.515.65.01)
==23597==    by 0x72CDF7A: ??? (in /usr/lib/x86_64-linux-gnu/libnvidia-glcore.so.515.65.01)
==23597==    by 0x70BB5CD: ??? (in /usr/lib/x86_64-linux-gnu/libnvidia-glcore.so.515.65.01)
==23597==    by 0x70BB8B5: ??? (in /usr/lib/x86_64-linux-gnu/libnvidia-glcore.so.515.65.01)
==23597==    by 0x6F89493: ??? (in /usr/lib/x86_64-linux-gnu/libnvidia-glcore.so.515.65.01)
==23597==    by 0x72DF002: ??? (in /usr/lib/x86_64-linux-gnu/libnvidia-glcore.so.515.65.01)
==23597==    by 0x72E2E65: ??? (in /usr/lib/x86_64-linux-gnu/libnvidia-glcore.so.515.65.01)
==23597==    by 0x72A1E14: ??? (in /usr/lib/x86_64-linux-gnu/libnvidia-glcore.so.515.65.01)
==23597==    by 0x584E262: ??? (in /usr/lib/x86_64-linux-gnu/libGLX_nvidia.so.515.65.01)
==23597==    by 0x58894DE: ??? (in /usr/lib/x86_64-linux-gnu/libGLX_nvidia.so.515.65.01)
==23597==    by 0x5183491: ??? (in /usr/lib/x86_64-linux-gnu/libGLX.so.0.0.0)
==23597== 
==23597== 11,704 bytes in 8 blocks are possibly lost in loss record 3,232 of 3,272
==23597==    at 0x484DA83: calloc (in /usr/libexec/valgrind/vgpreload_memcheck-amd64-linux.so)
==23597==    by 0x72BA3BF: ??? (in /usr/lib/x86_64-linux-gnu/libnvidia-glcore.so.515.65.01)
==23597==    by 0x72CDF7A: ??? (in /usr/lib/x86_64-linux-gnu/libnvidia-glcore.so.515.65.01)
==23597==    by 0x70BB4B8: ??? (in /usr/lib/x86_64-linux-gnu/libnvidia-glcore.so.515.65.01)
==23597==    by 0x70BB8B5: ??? (in /usr/lib/x86_64-linux-gnu/libnvidia-glcore.so.515.65.01)
==23597==    by 0x6F89493: ??? (in /usr/lib/x86_64-linux-gnu/libnvidia-glcore.so.515.65.01)
==23597==    by 0x72DF002: ??? (in /usr/lib/x86_64-linux-gnu/libnvidia-glcore.so.515.65.01)
==23597==    by 0x72E2E65: ??? (in /usr/lib/x86_64-linux-gnu/libnvidia-glcore.so.515.65.01)
==23597==    by 0x72A1E14: ??? (in /usr/lib/x86_64-linux-gnu/libnvidia-glcore.so.515.65.01)
==23597==    by 0x584E262: ??? (in /usr/lib/x86_64-linux-gnu/libGLX_nvidia.so.515.65.01)
==23597==    by 0x58894DE: ??? (in /usr/lib/x86_64-linux-gnu/libGLX_nvidia.so.515.65.01)
==23597==    by 0x5183491: ??? (in /usr/lib/x86_64-linux-gnu/libGLX.so.0.0.0)
==23597== 
==23597== 28,836 (6,024 direct, 22,812 indirect) bytes in 1 blocks are definitely lost in loss record 3,247 of 3,272
==23597==    at 0x484DA83: calloc (in /usr/libexec/valgrind/vgpreload_memcheck-amd64-linux.so)
==23597==    by 0x72BA3BF: ??? (in /usr/lib/x86_64-linux-gnu/libnvidia-glcore.so.515.65.01)
==23597==    by 0x72B1045: ??? (in /usr/lib/x86_64-linux-gnu/libnvidia-glcore.so.515.65.01)
==23597==    by 0x72AC5A0: ??? (in /usr/lib/x86_64-linux-gnu/libnvidia-glcore.so.515.65.01)
==23597==    by 0x72ADC3C: ??? (in /usr/lib/x86_64-linux-gnu/libnvidia-glcore.so.515.65.01)
==23597==    by 0x72BF152: ??? (in /usr/lib/x86_64-linux-gnu/libnvidia-glcore.so.515.65.01)
==23597==    by 0x584BB98: ??? (in /usr/lib/x86_64-linux-gnu/libGLX_nvidia.so.515.65.01)
==23597==    by 0x58B18F5: ??? (in /usr/lib/x86_64-linux-gnu/libGLX_nvidia.so.515.65.01)
==23597==    by 0x584B232: ??? (in /usr/lib/x86_64-linux-gnu/libGLX_nvidia.so.515.65.01)
==23597==    by 0x52423BF: ???
==23597==    by 0x4006439: call_init.part.0 (dl-init.c:56)
==23597==    by 0x4006567: call_init (dl-init.c:33)
==23597==    by 0x4006567: _dl_init (dl-init.c:117)
==23597== 
==23597== 128,897 (1,024 direct, 127,873 indirect) bytes in 1 blocks are definitely lost in loss record 3,261 of 3,272
==23597==    at 0x484DCD3: realloc (in /usr/libexec/valgrind/vgpreload_memcheck-amd64-linux.so)
==23597==    by 0x72B986A: ??? (in /usr/lib/x86_64-linux-gnu/libnvidia-glcore.so.515.65.01)
==23597==    by 0x72AF6A0: ??? (in /usr/lib/x86_64-linux-gnu/libnvidia-glcore.so.515.65.01)
==23597==    by 0x72ACD0E: ??? (in /usr/lib/x86_64-linux-gnu/libnvidia-glcore.so.515.65.01)
==23597==    by 0x72C0353: ??? (in /usr/lib/x86_64-linux-gnu/libnvidia-glcore.so.515.65.01)
==23597==    by 0x584BB98: ??? (in /usr/lib/x86_64-linux-gnu/libGLX_nvidia.so.515.65.01)
==23597==    by 0x58B18F5: ??? (in /usr/lib/x86_64-linux-gnu/libGLX_nvidia.so.515.65.01)
==23597==    by 0x584B232: ??? (in /usr/lib/x86_64-linux-gnu/libGLX_nvidia.so.515.65.01)
==23597==    by 0x52423BF: ???
==23597==    by 0x4006439: call_init.part.0 (dl-init.c:56)
==23597==    by 0x4006567: call_init (dl-init.c:33)
==23597==    by 0x4006567: _dl_init (dl-init.c:117)
==23597==    by 0x4DBFC84: _dl_catch_exception (dl-error-skeleton.c:182)
==23597== 
==23597== 307,271 bytes in 1 blocks are possibly lost in loss record 3,270 of 3,272
==23597==    at 0x484DA83: calloc (in /usr/libexec/valgrind/vgpreload_memcheck-amd64-linux.so)
==23597==    by 0x72BA3BF: ??? (in /usr/lib/x86_64-linux-gnu/libnvidia-glcore.so.515.65.01)
==23597==    by 0x72CDF7A: ??? (in /usr/lib/x86_64-linux-gnu/libnvidia-glcore.so.515.65.01)
==23597==    by 0x6F95B0A: ??? (in /usr/lib/x86_64-linux-gnu/libnvidia-glcore.so.515.65.01)
==23597==    by 0x588323F: ??? (in /usr/lib/x86_64-linux-gnu/libGLX_nvidia.so.515.65.01)
==23597==    by 0x588B83E: ??? (in /usr/lib/x86_64-linux-gnu/libGLX_nvidia.so.515.65.01)
==23597==    by 0x584BCA7: ??? (in /usr/lib/x86_64-linux-gnu/libGLX_nvidia.so.515.65.01)
==23597==    by 0x58B18F5: ??? (in /usr/lib/x86_64-linux-gnu/libGLX_nvidia.so.515.65.01)
==23597==    by 0x584B232: ??? (in /usr/lib/x86_64-linux-gnu/libGLX_nvidia.so.515.65.01)
==23597==    by 0x52423BF: ???
==23597==    by 0x4006439: call_init.part.0 (dl-init.c:56)
==23597==    by 0x4006567: call_init (dl-init.c:33)
==23597==    by 0x4006567: _dl_init (dl-init.c:117)
==23597== 
==23597== LEAK SUMMARY:
==23597==    definitely lost: 7,304 bytes in 6 blocks
==23597==    indirectly lost: 151,152 bytes in 836 blocks
==23597==      possibly lost: 336,545 bytes in 27 blocks
==23597==    still reachable: 4,299,818 bytes in 4,143 blocks
==23597==                       of which reachable via heuristic:
==23597==                         multipleinheritance: 192 bytes in 1 blocks
==23597==         suppressed: 0 bytes in 0 blocks
==23597== Reachable blocks (those to which a pointer was found) are not shown.
==23597== To see them, rerun with: --leak-check=full --show-leak-kinds=all
==23597== 
==23597== For lists of detected and suppressed errors, rerun with: -s
==23597== ERROR SUMMARY: 18 errors from 18 contexts (suppressed: 0 from 0)
